// Jest Snapshot v1, https://goo.gl/fbAQLP

exports[`mp4decrypt works 1`] = `Promise {}`;
